[debug] [2025-11-26T08:43:21.658Z] ----------------------------------------------------------------------
[debug] [2025-11-26T08:43:21.660Z] Command:       C:\Program Files\nodejs\node.exe C:\Users\egami\AppData\Roaming\npm\node_modules\firebase-tools\lib\bin\firebase.js init
[debug] [2025-11-26T08:43:21.660Z] CLI Version:   14.26.0
[debug] [2025-11-26T08:43:21.660Z] Platform:      win32
[debug] [2025-11-26T08:43:21.660Z] Node Version:  v22.14.0
[debug] [2025-11-26T08:43:21.660Z] Time:          Wed Nov 26 2025 17:43:21 GMT+0900 (日本標準時)
[debug] [2025-11-26T08:43:21.660Z] ----------------------------------------------------------------------
[debug] 
[info] 
     ######## #### ########  ######## ########     ###     ######  ########
     ##        ##  ##     ## ##       ##     ##  ##   ##  ##       ##
     ######    ##  ########  ######   ########  #########  ######  ######
     ##        ##  ##    ##  ##       ##     ## ##     ##       ## ##
     ##       #### ##     ## ######## ########  ##     ##  ######  ########

You're about to initialize a Firebase project in this directory:

  E:\PROJECTS\ARStamp\ArStamptest\arStamp

[info] 
=== Project Setup
[info] 
[info] First, let's associate this project directory with a Firebase project.
[info] You can create multiple project aliases by running firebase use --add, 
[info] 
[debug] [2025-11-26T08:45:21.947Z] > command requires scopes: ["email","openid","https://www.googleapis.com/auth/cloudplatformprojects.readonly","https://www.googleapis.com/auth/firebase","https://www.googleapis.com/auth/cloud-platform"]
[debug] [2025-11-26T08:45:21.947Z] > authorizing via signed-in user (egami@ceiryu.com)
[debug] [2025-11-26T08:45:21.948Z] Checked if tokens are valid: true, expires at: 1764150011369
[debug] [2025-11-26T08:45:21.948Z] Checked if tokens are valid: true, expires at: 1764150011369
[debug] [2025-11-26T08:45:21.949Z] >>> [apiv2][query] GET https://firebase.googleapis.com/v1beta1/projects pageSize=100
[debug] [2025-11-26T08:45:22.569Z] <<< [apiv2][status] GET https://firebase.googleapis.com/v1beta1/projects 200
[debug] [2025-11-26T08:45:22.569Z] <<< [apiv2][body] GET https://firebase.googleapis.com/v1beta1/projects [omitted]
[info] 
=== Hosting Setup
[debug] [2025-11-26T08:45:36.951Z] Checked if tokens are valid: true, expires at: 1764150011369
[debug] [2025-11-26T08:45:36.951Z] Checked if tokens are valid: true, expires at: 1764150011369
[debug] [2025-11-26T08:45:36.951Z] >>> [apiv2][query] GET https://firebase.googleapis.com/v1beta1/projects/stamp-edfc5 [none]
[debug] [2025-11-26T08:45:37.301Z] <<< [apiv2][status] GET https://firebase.googleapis.com/v1beta1/projects/stamp-edfc5 200
[debug] [2025-11-26T08:45:37.301Z] <<< [apiv2][body] GET https://firebase.googleapis.com/v1beta1/projects/stamp-edfc5 {"projectId":"stamp-edfc5","projectNumber":"522739532414","displayName":"Stamp","name":"projects/stamp-edfc5","resources":{"hostingSite":"stamp-edfc5"},"state":"ACTIVE","etag":"1_62b30347-8701-4eed-9b91-3c63d0bc8ead"}
[info] 
[info] Your public directory is the folder (relative to your project directory) that
[info] will contain Hosting assets to be uploaded with firebase deploy. If you
[info] have a build process for your assets, use your build's output directory.
[info] 
[debug] [2025-11-26T08:46:37.567Z] ----------------------------------------------------------------------
[debug] [2025-11-26T08:46:37.569Z] Command:       C:\Program Files\nodejs\node.exe C:\Users\egami\AppData\Roaming\npm\node_modules\firebase-tools\lib\bin\firebase.js init
[debug] [2025-11-26T08:46:37.569Z] CLI Version:   14.26.0
[debug] [2025-11-26T08:46:37.569Z] Platform:      win32
[debug] [2025-11-26T08:46:37.570Z] Node Version:  v22.14.0
[debug] [2025-11-26T08:46:37.570Z] Time:          Wed Nov 26 2025 17:46:37 GMT+0900 (日本標準時)
[debug] [2025-11-26T08:46:37.570Z] ----------------------------------------------------------------------
[debug] 
[info] 
     ######## #### ########  ######## ########     ###     ######  ########
     ##        ##  ##     ## ##       ##     ##  ##   ##  ##       ##
     ######    ##  ########  ######   ########  #########  ######  ######
     ##        ##  ##    ##  ##       ##     ## ##     ##       ## ##
     ##       #### ##     ## ######## ########  ##     ##  ######  ########

You're about to initialize a Firebase project in this directory:

  E:\PROJECTS\ARStamp\ArStamptest\arStamp

[info] 
=== Project Setup
[info] 
[info] First, let's associate this project directory with a Firebase project.
[info] You can create multiple project aliases by running firebase use --add, 
[info] 
[debug] [2025-11-26T08:46:48.145Z] > command requires scopes: ["email","openid","https://www.googleapis.com/auth/cloudplatformprojects.readonly","https://www.googleapis.com/auth/firebase","https://www.googleapis.com/auth/cloud-platform"]
[debug] [2025-11-26T08:46:48.145Z] > authorizing via signed-in user (egami@ceiryu.com)
[debug] [2025-11-26T08:46:48.145Z] Checked if tokens are valid: true, expires at: 1764150011369
[debug] [2025-11-26T08:46:48.145Z] Checked if tokens are valid: true, expires at: 1764150011369
[debug] [2025-11-26T08:46:48.146Z] >>> [apiv2][query] GET https://firebase.googleapis.com/v1beta1/projects/stamp-edfc5 [none]
[debug] [2025-11-26T08:46:48.499Z] <<< [apiv2][status] GET https://firebase.googleapis.com/v1beta1/projects/stamp-edfc5 200
[debug] [2025-11-26T08:46:48.499Z] <<< [apiv2][body] GET https://firebase.googleapis.com/v1beta1/projects/stamp-edfc5 {"projectId":"stamp-edfc5","projectNumber":"522739532414","displayName":"Stamp","name":"projects/stamp-edfc5","resources":{"hostingSite":"stamp-edfc5"},"state":"ACTIVE","etag":"1_62b30347-8701-4eed-9b91-3c63d0bc8ead"}
[info] i  Using project stamp-edfc5 (Stamp) . 
[info] 
=== Hosting Setup
[debug] [2025-11-26T08:46:48.503Z] Checked if tokens are valid: true, expires at: 1764150011369
[debug] [2025-11-26T08:46:48.503Z] Checked if tokens are valid: true, expires at: 1764150011369
[debug] [2025-11-26T08:46:48.504Z] >>> [apiv2][query] GET https://firebase.googleapis.com/v1beta1/projects/stamp-edfc5 [none]
[debug] [2025-11-26T08:46:48.791Z] <<< [apiv2][status] GET https://firebase.googleapis.com/v1beta1/projects/stamp-edfc5 200
[debug] [2025-11-26T08:46:48.791Z] <<< [apiv2][body] GET https://firebase.googleapis.com/v1beta1/projects/stamp-edfc5 {"projectId":"stamp-edfc5","projectNumber":"522739532414","displayName":"Stamp","name":"projects/stamp-edfc5","resources":{"hostingSite":"stamp-edfc5"},"state":"ACTIVE","etag":"1_62b30347-8701-4eed-9b91-3c63d0bc8ead"}
[info] 
[info] Your public directory is the folder (relative to your project directory) that
[info] will contain Hosting assets to be uploaded with firebase deploy. If you
[info] have a build process for your assets, use your build's output directory.
[info] 
[info] 
[info] i  Detected a .git folder at E:\PROJECTS\ARStamp\ArStamptest\arStamp 
[info] i  Authorizing with GitHub to upload your service account to a GitHub repository's secrets store. 
[info] 
[info] Visit this URL on this device to log in:
[info] https://github.com/login/oauth/authorize?client_id=89cf50f02ac6aaed3484&state=298626712&redirect_uri=http%3A%2F%2Flocalhost%3A9005&scope=read%3Auser%20repo%20public_repo
[info] 
[info] Waiting for authentication...
[debug] [2025-11-26T08:48:30.134Z] >>> [apiv2][query] POST https://github.com/login/oauth/access_token [none]
[debug] [2025-11-26T08:48:30.135Z] >>> [apiv2][body] POST https://github.com/login/oauth/access_token [stream]
[debug] [2025-11-26T08:48:30.482Z] <<< [apiv2][status] POST https://github.com/login/oauth/access_token 200
[debug] [2025-11-26T08:48:30.482Z] <<< [apiv2][body] POST https://github.com/login/oauth/access_token {"access_token":"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","token_type":"bearer","scope":"read:user,repo"}
[debug] [2025-11-26T08:48:30.485Z] >>> [apiv2][query] GET https://api.github.com/user [none]
[debug] [2025-11-26T08:48:30.881Z] <<< [apiv2][status] GET https://api.github.com/user 200
[debug] [2025-11-26T08:48:30.881Z] <<< [apiv2][body] GET https://api.github.com/user {"login":"egmCeiRyu","id":205563060,"node_id":"U_kgDODECktA","avatar_url":"https://avatars.githubusercontent.com/u/205563060?v=4","gravatar_id":"","url":"https://api.github.com/users/egmCeiRyu","html_url":"https://github.com/egmCeiRyu","followers_url":"https://api.github.com/users/egmCeiRyu/followers","following_url":"https://api.github.com/users/egmCeiRyu/following{/other_user}","gists_url":"https://api.github.com/users/egmCeiRyu/gists{/gist_id}","starred_url":"https://api.github.com/users/egmCeiRyu/starred{/owner}{/repo}","subscriptions_url":"https://api.github.com/users/egmCeiRyu/subscriptions","organizations_url":"https://api.github.com/users/egmCeiRyu/orgs","repos_url":"https://api.github.com/users/egmCeiRyu/repos","events_url":"https://api.github.com/users/egmCeiRyu/events{/privacy}","received_events_url":"https://api.github.com/users/egmCeiRyu/received_events","type":"User","user_view_type":"private","site_admin":false,"name":null,"company":null,"blog":"","location":null,"email":null,"hireable":null,"bio":null,"twitter_username":null,"notification_email":null,"public_repos":17,"public_gists":0,"followers":0,"following":0,"created_at":"2025-03-31T00:04:55Z","updated_at":"2025-03-31T00:05:05Z","private_gists":0,"total_private_repos":2,"owned_private_repos":2,"disk_usage":1187994,"collaborators":2,"two_factor_authentication":true,"plan":{"name":"free","space":976562499,"collaborators":0,"private_repos":10000}}
[info] 
[info] +  Success! Logged into GitHub as egmCeiRyu 
[info] 
[debug] [2025-11-26T08:50:01.304Z] >>> [apiv2][query] GET https://api.github.com/repos//actions/secrets/public-key type=owner
[debug] [2025-11-26T08:50:01.510Z] <<< [apiv2][status] GET https://api.github.com/repos//actions/secrets/public-key 404
[debug] [2025-11-26T08:50:01.511Z] <<< [apiv2][body] GET https://api.github.com/repos//actions/secrets/public-key {"message":"Not Found","documentation_url":"https://docs.github.com/rest","status":"404"}
[info] 
[info] 
[error] !  The provided authorization cannot be used with this repository. If this repository is in an organization, did you remember to grant access? 
[info] 
[info] i  Action required: Visit this URL to ensure access has been granted to the appropriate organization(s) for the Firebase CLI GitHub OAuth App: 
[info] https://github.com/settings/connections/applications/89cf50f02ac6aaed3484
[info] 
[debug] [2025-11-26T08:50:06.783Z] >>> [apiv2][query] GET https://api.github.com/repos/user/actions/secrets/public-key type=owner
[debug] [2025-11-26T08:50:06.987Z] <<< [apiv2][status] GET https://api.github.com/repos/user/actions/secrets/public-key 404
[debug] [2025-11-26T08:50:06.987Z] <<< [apiv2][body] GET https://api.github.com/repos/user/actions/secrets/public-key {"message":"Not Found","documentation_url":"https://docs.github.com/rest","status":"404"}
[info] 
[info] 
[error] !  The provided authorization cannot be used with this repository. If this repository is in an organization, did you remember to grant access? 
[info] 
[info] i  Action required: Visit this URL to ensure access has been granted to the appropriate organization(s) for the Firebase CLI GitHub OAuth App: 
[info] https://github.com/settings/connections/applications/89cf50f02ac6aaed3484
[info] 
[debug] [2025-11-26T08:51:04.842Z] >>> [apiv2][query] GET https://api.github.com/repos/repository/actions/secrets/public-key type=owner
[debug] [2025-11-26T08:51:05.051Z] <<< [apiv2][status] GET https://api.github.com/repos/repository/actions/secrets/public-key 404
[debug] [2025-11-26T08:51:05.051Z] <<< [apiv2][body] GET https://api.github.com/repos/repository/actions/secrets/public-key {"message":"Not Found","documentation_url":"https://docs.github.com/rest","status":"404"}
[info] 
[info] 
[error] !  The provided authorization cannot be used with this repository. If this repository is in an organization, did you remember to grant access? 
[info] 
[info] i  Action required: Visit this URL to ensure access has been granted to the appropriate organization(s) for the Firebase CLI GitHub OAuth App: 
[info] https://github.com/settings/connections/applications/89cf50f02ac6aaed3484
[info] 
